> no such key

> ok

> ok

> [123 33 554]

> ok

> ok

> ok

> [b 123 33 554 44 22 c]

> bye
