> ok

> saved as snapshot 1

> ok

> saved as snapshot 2

> no such snapshot

> no such snapshot

> ok

> saved as snapshot 3

> 3
2
1

> ok

> 2
1

> c [22 a b 44]
b [22 343]
a [123]

> ok

> a [123]

> bye
