> ok

> ok

> ok

> saved as snapshot 1

> ok

> saved as snapshot 2

> ok

> b [1 2 3]
c [7]

> not permitted

> ok

> bye
