==2805== Memcheck, a memory error detector
==2805== Copyright (C) 2002-2017, and GNU GPL'd, by Julian Seward et al.
==2805== Using Valgrind-3.15.0 and LibVEX; rerun with -h for copyright info
==2805== Command: ./ymirdb
==2805== 
==2805== error calling PR_SET_PTRACER, vgdb might block
> no such key

> ok

> [123 22 44]

> ok

> [123 22 44]

> bye
==2805== 
==2805== HEAP SUMMARY:
==2805==     in use at exit: 0 bytes in 0 blocks
==2805==   total heap usage: 32 allocs, 32 frees, 1,872 bytes allocated
==2805== 
==2805== All heap blocks were freed -- no leaks are possible
==2805== 
==2805== For lists of detected and suppressed errors, rerun with: -s
==2805== ERROR SUMMARY: 0 errors from 0 contexts (suppressed: 0 from 0)
