==738== Memcheck, a memory error detector
==738== Copyright (C) 2002-2017, and GNU GPL'd, by Julian Seward et al.
==738== Using Valgrind-3.15.0 and LibVEX; rerun with -h for copyright info
==738== Command: ./ymirdb
==738== 
==738== error calling PR_SET_PTRACER, vgdb might block
> BYE   clear database and exit
HELP  display this help message

LIST KEYS       displays all keys in current state
LIST ENTRIES    displays all entries in current state
LIST SNAPSHOTS  displays all snapshots in the database

GET <key>    displays entry values
DEL <key>    deletes entry from current state
PURGE <key>  deletes entry from current state and snapshots

SET <key> <value ...>     sets entry values
PUSH <key> <value ...>    pushes values to the front
APPEND <key> <value ...>  appends values to the back

PICK <key> <index>   displays value at index
PLUCK <key> <index>  displays and removes value at index
POP <key>            displays and removes the front value

DROP <id>      deletes snapshot
ROLLBACK <id>  restores to snapshot and deletes newer snapshots
CHECKOUT <id>  replaces current state with a copy of snapshot
SNAPSHOT       saves the current state as a snapshot

MIN <key>  displays minimum value
MAX <key>  displays maximum value
SUM <key>  displays sum of values
LEN <key>  displays number of values

REV <key>   reverses order of values (simple entry only)
UNIQ <key>  removes repeated adjacent values (simple entry only)
SORT <key>  sorts values in ascending order (simple entry only)

FORWARD <key> lists all the forward references of this key
BACKWARD <key> lists all the backward references of this key
TYPE <key> displays if the entry of this key is simple or general

> bye
==738== 
==738== HEAP SUMMARY:
==738==     in use at exit: 0 bytes in 0 blocks
==738==   total heap usage: 7 allocs, 7 frees, 1,080 bytes allocated
==738== 
==738== All heap blocks were freed -- no leaks are possible
==738== 
==738== For lists of detected and suppressed errors, rerun with: -s
==738== ERROR SUMMARY: 0 errors from 0 contexts (suppressed: 0 from 0)
