> ok

> ok

> ok

> b [2 3 4]
a [b 1 2 3]

> not permitted

> ok

> b [2 3 4]

> 
bye
