> ok

> ok

> ok

> ok

> bat, c, dog

> c

> nil

> bye
