==774== Memcheck, a memory error detector
==774== Copyright (C) 2002-2017, and GNU GPL'd, by Julian Seward et al.
==774== Using Valgrind-3.15.0 and LibVEX; rerun with -h for copyright info
==774== Command: ./ymirdb
==774== 
==774== error calling PR_SET_PTRACER, vgdb might block
> no entries

> no keys

> ok

> ok

> ok

> c [a b 22 11]
b [a 22 11 44]
a [123 123 22 33]

> c
b
a

> bye
==774== 
==774== HEAP SUMMARY:
==774==     in use at exit: 0 bytes in 0 blocks
==774==   total heap usage: 50 allocs, 50 frees, 3,112 bytes allocated
==774== 
==774== All heap blocks were freed -- no leaks are possible
==774== 
==774== For lists of detected and suppressed errors, rerun with: -s
==774== ERROR SUMMARY: 0 errors from 0 contexts (suppressed: 0 from 0)
