> no entries

> no keys

> ok

> ok

> ok

> c [a b 22 11]
b [a 22 11 44]
a [123 123 22 33]

> c
b
a

> bye
