> No such entry

> ok

> ok

> no such key

> No such entry

> bye
