==798== Memcheck, a memory error detector
==798== Copyright (C) 2002-2017, and GNU GPL'd, by Julian Seward et al.
==798== Using Valgrind-3.15.0 and LibVEX; rerun with -h for copyright info
==798== Command: ./ymirdb
==798== 
==798== error calling PR_SET_PTRACER, vgdb might block
> no such entry

> ok

> ok

> no such key

> no such entry

> bye
==798== 
==798== HEAP SUMMARY:
==798==     in use at exit: 0 bytes in 0 blocks
==798==   total heap usage: 43 allocs, 43 frees, 2,728 bytes allocated
==798== 
==798== All heap blocks were freed -- no leaks are possible
==798== 
==798== For lists of detected and suppressed errors, rerun with: -s
==798== ERROR SUMMARY: 0 errors from 0 contexts (suppressed: 0 from 0)
