==2864== Memcheck, a memory error detector
==2864== Copyright (C) 2002-2017, and GNU GPL'd, by Julian Seward et al.
==2864== Using Valgrind-3.15.0 and LibVEX; rerun with -h for copyright info
==2864== Command: ./ymirdb
==2864== 
==2864== error calling PR_SET_PTRACER, vgdb might block
> no such entry

> ok

> ok

> no such key

> no such entry

> bye
==2864== 
==2864== HEAP SUMMARY:
==2864==     in use at exit: 0 bytes in 0 blocks
==2864==   total heap usage: 43 allocs, 43 frees, 2,536 bytes allocated
==2864== 
==2864== All heap blocks were freed -- no leaks are possible
==2864== 
==2864== For lists of detected and suppressed errors, rerun with: -s
==2864== ERROR SUMMARY: 0 errors from 0 contexts (suppressed: 0 from 0)
