==809== Memcheck, a memory error detector
==809== Copyright (C) 2002-2017, and GNU GPL'd, by Julian Seward et al.
==809== Using Valgrind-3.15.0 and LibVEX; rerun with -h for copyright info
==809== Command: ./ymirdb
==809== 
==809== error calling PR_SET_PTRACER, vgdb might block
> no such key

> ok

> index out of range

> 123

> ok

> a

> bye
==809== 
==809== HEAP SUMMARY:
==809==     in use at exit: 0 bytes in 0 blocks
==809==   total heap usage: 38 allocs, 38 frees, 2,024 bytes allocated
==809== 
==809== All heap blocks were freed -- no leaks are possible
==809== 
==809== For lists of detected and suppressed errors, rerun with: -s
==809== ERROR SUMMARY: 0 errors from 0 contexts (suppressed: 0 from 0)
