> no such key

> ok

> > ok

> index out of range

> [123 22]

> 123

> ok

> a

> [22 45 56]

> [22]

> bye
