> no such key

> ok

> nil

> ok

> ok

> [123 44 b]

> 123

> [44 b]

> 44

> [b]

> b

> []

> nil

> []

> [12]

> bye
