> ok

> ok

> [123 33 554]

> ok

> ok

> ok

> [c 22 44 123 33 554]

> bye
