> ok

> [1 2 3 4 5 6 7 8 9]

> ok

> no such entry

> ok

> > b [123 22 a 44]
a [9 8 7 6 5 4 3 2 1]

> bye
