> not permitted

> no such key

> ok

> []

> ok

> [123 33]

> ok

> [a 22]

> [123 33]

> bye
