> ok

> ok

> ok

> [12 22 22 33 34 34 55 67 77 123 234 234 345 8689 55656 65647 75676]

> [1 1 1 1 1 123 33 22]

> ok

> b [1 1 1 1 1 22 33 123]
a [12 22 22 33 34 34 55 67 77 123 234 234 345 8689 55656 65647 75676]

> no such key

> bye
