==870== Memcheck, a memory error detector
==870== Copyright (C) 2002-2017, and GNU GPL'd, by Julian Seward et al.
==870== Using Valgrind-3.15.0 and LibVEX; rerun with -h for copyright info
==870== Command: ./ymirdb
==870== 
==870== error calling PR_SET_PTRACER, vgdb might block
> No such entry

> ok

> ok

> no such key

> No such entry

> bye
==870== 
==870== HEAP SUMMARY:
==870==     in use at exit: 0 bytes in 0 blocks
==870==   total heap usage: 43 allocs, 43 frees, 2,728 bytes allocated
==870== 
==870== All heap blocks were freed -- no leaks are possible
==870== 
==870== For lists of detected and suppressed errors, rerun with: -s
==870== ERROR SUMMARY: 0 errors from 0 contexts (suppressed: 0 from 0)
