==869== Memcheck, a memory error detector
==869== Copyright (C) 2002-2017, and GNU GPL'd, by Julian Seward et al.
==869== Using Valgrind-3.15.0 and LibVEX; rerun with -h for copyright info
==869== Command: ./ymirdb
==869== 
==869== error calling PR_SET_PTRACER, vgdb might block
> No such entry

> ok

> ok

> no such key

> No such entry

> bye
==869== 
==869== HEAP SUMMARY:
==869==     in use at exit: 0 bytes in 0 blocks
==869==   total heap usage: 43 allocs, 43 frees, 2,728 bytes allocated
==869== 
==869== All heap blocks were freed -- no leaks are possible
==869== 
==869== For lists of detected and suppressed errors, rerun with: -s
==869== ERROR SUMMARY: 0 errors from 0 contexts (suppressed: 0 from 0)
