> ok

> ok

> simple

> general

> no such key

> bye
