> ok

> ok

> ok

> simple entry only

> b [1 1 a a a 22 22 22]
a [1 2 3 4]

> bye
